global_acc_list [0.756838905775076, 0.7689969604863222, 0.7750759878419453, 0.790273556231003, 0.7781155015197568, 0.7720364741641338, 0.7781155015197568, 0.7781155015197568, 0.7720364741641338, 0.7720364741641338, 0.7781155015197568, 0.7781155015197568, 0.7872340425531915, 0.7872340425531915, 0.790273556231003, 0.790273556231003, 0.790273556231003, 0.7933130699088146, 0.7933130699088146, 0.790273556231003, 0.790273556231003]
local_acc_list [[0.774390243902439, 0.7575757575757576, 0.7121212121212122], [0.7682926829268293, 0.7777777777777778, 0.7575757575757576], [0.774390243902439, 0.7676767676767676, 0.7878787878787878], [0.7926829268292683, 0.7676767676767676, 0.8181818181818182], [0.7926829268292683, 0.7575757575757576, 0.7727272727272727], [0.7804878048780488, 0.7575757575757576, 0.7727272727272727], [0.774390243902439, 0.7878787878787878, 0.7727272727272727], [0.774390243902439, 0.7878787878787878, 0.7727272727272727], [0.7621951219512195, 0.7878787878787878, 0.7727272727272727], [0.7621951219512195, 0.7878787878787878, 0.7727272727272727], [0.7682926829268293, 0.797979797979798, 0.7727272727272727], [0.7682926829268293, 0.797979797979798, 0.7727272727272727], [0.7865853658536586, 0.797979797979798, 0.7727272727272727], [0.7865853658536586, 0.797979797979798, 0.7727272727272727], [0.7865853658536586, 0.8080808080808081, 0.7727272727272727], [0.7865853658536586, 0.8080808080808081, 0.7727272727272727], [0.7865853658536586, 0.8080808080808081, 0.7727272727272727], [0.7865853658536586, 0.8080808080808081, 0.7878787878787878], [0.7865853658536586, 0.8080808080808081, 0.7878787878787878], [0.7865853658536586, 0.797979797979798, 0.7878787878787878], [0.7865853658536586, 0.797979797979798, 0.7878787878787878]]
global_auc_list [0.8525684801578268, 0.8541239851278548, 0.8574626299415737, 0.8609909704833448, 0.8617876925411638, 0.8633811366568025, 0.8639502238409591, 0.8636846498216859, 0.8639502238409591, 0.8643296152970636, 0.8644813718795052, 0.8648607633356096, 0.864974580772441, 0.8657713028302603, 0.8660748159951437, 0.8666439031793003, 0.8669094771985735, 0.8669853554897944, 0.8672129903634571, 0.8669853554897944, 0.8674406252371196]
local_auc_list [[0.8650428921568628, 0.8507148864592095, 0.8182665424044735], [0.8521752450980392, 0.8725820016820858, 0.8341099720410066], [0.8587622549019608, 0.8696383515559294, 0.8443616029822926], [0.8615196078431372, 0.8730025231286795, 0.8499534016775395], [0.8618259803921569, 0.8730025231286795, 0.847157502329916], [0.8621323529411765, 0.8725820016820858, 0.8564771668219944], [0.8635110294117647, 0.8734230445752733, 0.8546132339235788], [0.8630514705882354, 0.8730025231286797, 0.8536812674743709], [0.8621323529411765, 0.8746846089150546, 0.8546132339235787], [0.8636642156862745, 0.8742640874684608, 0.8564771668219944], [0.8624387254901961, 0.8772077375946173, 0.8564771668219944], [0.8621323529411765, 0.877628259041211, 0.8574091332712022], [0.8613664215686274, 0.8784693019343988, 0.8592730661696178], [0.8615196078431374, 0.8780487804878049, 0.8611369990680335], [0.8613664215686275, 0.8788898233809924, 0.8592730661696178], [0.8618259803921569, 0.8780487804878049, 0.8620689655172413], [0.8624387254901962, 0.8780487804878049, 0.8630009319664491], [0.8622855392156863, 0.8784693019343988, 0.8620689655172413], [0.8619791666666666, 0.8780487804878049, 0.863932898415657], [0.8627450980392157, 0.8788898233809924, 0.8630009319664491], [0.8635110294117647, 0.8793103448275863, 0.8648648648648648]]
info > Mocking waiting for results
[20]